Received input: ls -l nonexistent 2> /tmp/cow/cow.mdReceived input: ls -l nonexistent 2> /tmp/cow/cow.mdReceived input: ls -l nonexistent 2> /tmp/cow/cow.md
Received input: ls -l nonexistent 2> /tmp/cow/cow.md
Received input: ls -1 nonexistent 2> /tmp/cow/cow.md


New Run
=======
Received input: ls -1 nonexistent 2> /tmp/cow/cow.md


New Run
=======
Received input: ls -1 nonexistent 2> /tmp/cow/cow.md


New Run
=======
Received input: echo "Hello"
Received input: echo a"b"'c'


New Run
=======
Received input: ls -1 nonexistent 2> /tmp/cow/cow.md


New Run
=======
Received input: ls -1 nonexistent 2> /tmp/cow/cow.md
Attempting to write "{content}" to {file_path}


New Run
=======
Received input: ls -1 nonexistent 2> /tmp/cow/cow.md
Attempting to write "ls: nonexistent: No such file or directory
" to /tmp/cow/cow.md


New Run
=======
Received input: ls -1 nonexistent 2> /tmp/cow/cow.md
Attempting to write "ls: nonexistent: No such file or directory
" to /tmp/cow/cow.md
/tmp/cow/cow.md exists: True
Received input: cat /tmp/cow/cow.md
Received input: echo David file cannot be found 2> /tmp/cow/fox.md
Received input: cat /tmp/cow/fox.md
Received input: exit


New Run
=======
Received input: ls -1 nonexistent 2> /tmp/cow/cow.md
Last two args: ['2>', '/tmp/cow/cow.md']
Attempting to write "ls: nonexistent: No such file or directory
" to /tmp/cow/cow.md
/tmp/cow/cow.md exists: True
Received input: cat /tmp/cow/cow.md
Received input: echo David file cannot be found 2> /tmp/cow/fox.md
Last two args: ['2>', '/tmp/cow/fox.md']
Received input: [A[Bexit
Received input: exit


New Run
=======
Received input: ls -1 nonexistent 2> /tmp/cow/cow.md
  >> Last two args: ['2>', '/tmp/cow/cow.md']
  >> Args: ['ls', '-1', 'nonexistent']
  >> Out file: None
  >> Err file: /tmp/cow/cow.md
Attempting to write "ls: nonexistent: No such file or directory
" to /tmp/cow/cow.md
/tmp/cow/cow.md exists: True
Received input: cat /tmp/cow/cow.md
Received input: echo David file cannot be found 2> /tmp/cow/fox.md
  >> Last two args: ['2>', '/tmp/cow/fox.md']
  >> Args: ['echo', 'David', 'file', 'cannot', 'be', 'found']
  >> Out file: None
  >> Err file: /tmp/cow/fox.md
Received input: cat /tmp/cow/fox.md
Received input: exit


New Run
=======

Received input: ls -1 nonexistent 2> /tmp/cow/cow.md
  >> Last two args: ['2>', '/tmp/cow/cow.md']
  >> Args: ['ls', '-1', 'nonexistent']
  >> Out file: None
  >> Err file: /tmp/cow/cow.md
Attempting to write "ls: nonexistent: No such file or directory
" to /tmp/cow/cow.md
/tmp/cow/cow.md exists: True

Received input: cat /tmp/cow/cow.md

Received input: echo David file cannot be found 2> /tmp/cow/fox.md
  >> Last two args: ['2>', '/tmp/cow/fox.md']
  >> Args: ['echo', 'David', 'file', 'cannot', 'be', 'found']
  >> Out file: None
  >> Err file: /tmp/cow/fox.md

Received input: exit


New Run
=======

Received input: ls -1 nonexistent 2> /tmp/cow/cow.md
  >> Last two args: ['2>', '/tmp/cow/cow.md']
  >> Args: ['ls', '-1', 'nonexistent']
  >> Out file: None
  >> Err file: /tmp/cow/cow.md
Attempting to write "ls: nonexistent: No such file or directory
" to /tmp/cow/cow.md
/tmp/cow/cow.md exists: True

Received input: cat /tmp/cow/cow.md

Received input: echo David file cannot be found 2> /tmp/cow/fox.md
  >> Last two args: ['2>', '/tmp/cow/fox.md']
  >> Args: ['echo', 'David', 'file', 'cannot', 'be', 'found']
  >> Out file: None
  >> Err file: /tmp/cow/fox.md
Attempting to write "" to /tmp/cow/fox.md
/tmp/cow/fox.md exists: True

Received input: cat /tmp/cow/fox.md

Received input: exit


New Run
=======

Received input: exit


New Run
=======

Received input: exit


New Run
=======

Received input: exit
